---
source: src/commands/add.rs
expression: template_snapshot_indexer_icp_manifest(COMPONENT_NAME).to_str_as_yaml().unwrap()
---
# yaml-language-server: $schema=https://raw.githubusercontent.com/horizonx-tech/chainsight-cli/main/resources/schema/snapshot_indexer_icp.json
version: v1
metadata:
  label: Additional
  type: snapshot_indexer_icp
  description: ''
  tags:
  - ERC-20
  - Ethereum
  - DAI
datasource:
  location:
    id: sample_snapshot_indexer_evm
  method:
    identifier: 'get_last_snapshot : () -> (record { value : text; timestamp : nat64 })'
    interface: null
    args: []
is_target_component: null
lens_targets: null
interval: 3600
cycles: null

