---
source: src/commands/exec.rs
expression: "fs::read_to_string(component_sh_path).unwrap()"
---
#!/bin/bash
# init
dfx canister  call sample_snapshot_indexer_icp init_in '(variant { "LocalDevelopment" })'
# setup
dfx canister  call sample_snapshot_indexer_icp setup "(
    \"$(dfx canister  id sample_snapshot_indexer_evm)\"
)"
# set_task
dfx canister  call sample_snapshot_indexer_icp set_task '(3600, 5)'

