---
source: src/commands/add.rs
expression: template_algorithm_indexer_manifest(COMPONENT_NAME).to_str_as_yaml().unwrap()
---
# yaml-language-server: $schema=https://raw.githubusercontent.com/horizonx-tech/chainsight-cli/main/resources/schema/algorithm_indexer.json
version: v1
metadata:
  label: Additional
  type: algorithm_indexer
  description: ''
  tags:
  - Ethereum
  - Account
datasource:
  principal: be2us-64aaa-aaaaa-qaabq-cai
  input:
    name: Transfer
    fields:
      from: String
      to: String
      value: chainsight_cdk::core::U256
  from: 17660942
  method: proxy_call
  source_type: event_indexer
  batch_size: null
output:
- name: Account
  fields:
    address: String
  output_type: key_value
interval: 3600
cycles: null

