---
source: src/commands/exec.rs
expression: "fs::read_to_string(entrypoint_sh_path).unwrap()"
---
#!/bin/bash
script_dir=$(dirname "$(readlink -f "$0")")

. "$script_dir/utils.sh"

set -e -o pipefail
trap 'on_error $BASH_SOURCE $LINENO "$BASH_COMMAND" "$@"' ERR

IFS=$'\n'
while read target;
do
    echo "Run script for $target"
    . "$script_dir/components/$target.sh"
done < $script_dir/targets.txt

