---
source: src/lib/codegen/components/snapshot_indexer_icp.rs
expression: "SrcString::from(generated_codes.lib)"
---
use chainsight_cdk_macros::def_snapshot_indexer_icp_canister;
def_snapshot_indexer_icp_canister!("{
\"common\":{
\"canister_name\":\"sample_snapshot_indexer_icp\"
}, \"method_identifier\":\"get_last_snapshot:() ->(record {
value:text;
timestamp:nat64
})\", \"lens_parameter\":null
}");

