---
source: src/lib/codegen/components/snapshot_indexer_icp.rs
expression: generated_user_impl_template.types.unwrap()
---
#![allow(dead_code, unused_imports)]
use candid::{self, CandidType, Deserialize, Principal, Encode, Decode};
#[derive(Clone, Debug, candid :: CandidType, candid :: Deserialize, serde :: Serialize, chainsight_cdk_macros :: StableMemoryStorable)]
pub struct ResponseType { value: String, timestamp: u64 }
