---
source: src/lib/codegen/components/snapshot_indexer_evm.rs
expression: "&manifest.generate_scripts(Network::Local).unwrap()"
---
#!/bin/bash
# init
dfx canister  call sample_snapshot_indexer_evm init_in '(variant { "LocalDevelopment" })'
# setup
dfx canister  call sample_snapshot_indexer_evm setup "(
    \"6b175474e89094c44da98b954eedeac495271d0f\",
    record {
        url = \"https://mainnet.infura.io/v3/${INFURA_MAINNET_RPC_URL_KEY}\";
        from = null;
        chain_id = 1;
        env = variant { LocalDevelopment };
    }
)"
# set_task
dfx canister  call sample_snapshot_indexer_evm set_task '(3600, 0)'

