---
source: src/lib/codegen/components/algorithm_lens.rs
expression: "SrcString::from(generated_codes.lib)"
---
use chainsight_cdk_macros::def_algorithm_lens_canister;
def_algorithm_lens_canister!("{
\"common\":{
\"monitor_duration\":60, \"canister_name\":\"sample_algorithm_lens\"
}, \"target_count\":1
}");

