---
source: src/lib/codegen/components/event_indexer.rs
expression: "SrcString::from(generated_codes.lib)"
---
use chainsight_cdk_macros::def_event_indexer_canister;
def_event_indexer_canister!("{
\"common\":{
\"canister_name\":\"sample_event_indexer\"
}, \"def\":{
\"identifier\":\"Transfer\", \"abi_file_path\":\"./__interfaces/ERC20.json\"
}}");

