---
source: src/lib/codegen/components/algorithm_indexer.rs
expression: "SrcString::from(generated_codes.lib)"
---
use chainsight_cdk::storage::Data;
use chainsight_cdk_macros::{
def_algorithm_indexer_canister, Persist };
#[warn(unused_imports)]
use chainsight_cdk_macros::{
KeyValueStore, KeyValuesStore };
def_algorithm_indexer_canister!("{
\"common\":{
\"canister_name\":\"sample_algorithm_indexer\"
}, \"indexing\":{
\"start_from\":17660942, \"chunk_size\":null
}, \"input\":{
\"method_name\":\"proxy_call\", \"response_type\":\"Transfer\", \"source_type\":\"event_indexer\"
}}");
#[derive(Clone, Debug, Default, CandidType, Deserialize, Serialize, Persist, KeyValueStore)]
#[memory_id(1i32)]
pub struct SampleOutput {
pub result:String, pub value:String }
