---
source: src/lib/codegen/templates.rs
expression: root_cargo_toml(true)
---
[workspace]
members = ["bindings/*", "canisters/*", "logics/*", "accessors/*"]

[workspace.package]
version = "0.1.0"
edition = "2021"

[workspace.dependencies]
candid = "0.8"
ic-cdk = "0.8"
ic-cdk-macros = "0.6.10"
ic-cdk-timers = "0.1"
ic-stable-structures = "0.5.5"
serde = "1.0.163"
serde_bytes = "0.11.12"
hex = "0.4.3"

ic-web3-rs = { version = "0.1.1" }
ic-solidity-bindgen = { version = "0.1.5" }
chainsight-cdk-macros = { git = "https://github.com/horizonx-tech/chainsight-sdk.git", rev = "a4d11b631350d359f43b057e10e7d8ca206bc4ed" }
chainsight-cdk = { git = "https://github.com/horizonx-tech/chainsight-sdk.git", rev = "a4d11b631350d359f43b057e10e7d8ca206bc4ed" }

