---
source: src/lib/codegen/templates.rs
expression: canister_project_cargo_toml(PROJECT_NAME)
---
[package]
name = "sample_canister"
version.workspace = true
edition.workspace = true

[lib]
crate-type = ["cdylib"]

[dependencies]
candid.workspace = true
ic-cdk.workspace = true
ic-cdk-macros.workspace = true
ic-cdk-timers.workspace = true
ic-stable-structures.workspace = true
serde.workspace = true
serde_bytes.workspace = true
hex.workspace = true

ic-web3-rs.workspace = true
ic-solidity-bindgen.workspace = true
chainsight-cdk-macros.workspace = true
chainsight-cdk.workspace = true

sample = { path = "../../logics/sample" }

